============================================================
TopAneu: precompute Frangi vesselness maps for every case, directly on this
pipeline's own image grid (channel 1 of Dataset306_TopAneuAneurysmVesselness --
see jobs/19). Computed fresh rather than reusing/resampling the vesselness
already built for the unrelated 01_rsna_pipeline/Dataset104 experiment, to
avoid relying on an unverified same-world-space assumption between two
different image grids -- correctness over the ~3-day runtime this takes.
Resumable: if this job's walltime runs out before finishing, just resubmit --
it skips every case that already has an output file and continues from there.
Job ID:       2181381
Node:         nc31008
Start:        Wed Sep  2 22:56:00 EDT 2026
============================================================
==============================================
TopAneu RSNA Pipeline Environment
==============================================
TOPANEU_ROOT        = /home/abdul7/projects/def-punithak/abdul7/TopAneu
EXP_ROOT            = /home/abdul7/projects/def-punithak/abdul7/TopAneu/experiments/02_rsna_self_pipeline
CODE_ROOT           = /home/abdul7/projects/def-punithak/abdul7/TopAneu/experiments/02_rsna_self_pipeline/code
TOPANEU_DATA        = /home/abdul7/projects/def-punithak/abdul7/TopAneu/data

SCRATCH_ROOT        = /scratch/abdul7/TopAneu/experiments/02_rsna_self_pipeline
nnUNet_raw          = /scratch/abdul7/TopAneu/experiments/02_rsna_self_pipeline/nnUNet_raw
nnUNet_preprocessed = /scratch/abdul7/TopAneu/experiments/02_rsna_self_pipeline/nnUNet_preprocessed
nnUNet_results      = /scratch/abdul7/TopAneu/experiments/02_rsna_self_pipeline/nnUNet_results
LOG_ROOT            = /home/abdul7/projects/def-punithak/abdul7/TopAneu/experiments/02_rsna_self_pipeline/logs

Python:
/home/abdul7/projects/def-punithak/abdul7/TopAneu/venv/bin/python

nnUNet:
/home/abdul7/projects/def-punithak/abdul7/TopAneu/venv/bin/nnUNetv2_train

Scratch:
Filesystem                                   Size  Used Avail Use% Mounted on
10.82.48.7@o2ib1:10.82.48.8@o2ib1:/lustre07   19T  481G   19T   3% /scratch
==============================================
==============================================
Computing vesselness (resumable -- re-running this job skips finished cases)
==============================================
Found 417 case(s) in /home/abdul7/projects/def-punithak/abdul7/TopAneu/data/images
Writing vesselness maps to /scratch/abdul7/TopAneu/experiments/02_rsna_self_pipeline/work/vesselness

[OK] topaneu_center1_mr_001 (MRA) shape=(128, 256, 256) mask=79.6% vess_max=0.044 (67.4s)
[OK] topaneu_center1_mr_005 (MRA) shape=(128, 256, 256) mask=95.3% vess_max=0.044 (129.7s)
[OK] topaneu_center1_mr_016 (MRA) shape=(128, 256, 256) mask=91.8% vess_max=0.034 (76.3s)
[OK] topaneu_center1_mr_017 (MRA) shape=(128, 256, 256) mask=94.1% vess_max=0.056 (78.7s)
[OK] topaneu_center1_mr_018 (MRA) shape=(128, 256, 256) mask=94.2% vess_max=0.052 (128.9s)
[OK] topaneu_center1_mr_024 (MRA) shape=(128, 256, 256) mask=98.5% vess_max=0.038 (137.7s)
[OK] topaneu_center1_mr_028 (MRA) shape=(128, 256, 256) mask=99.1% vess_max=0.055 (137.9s)
[OK] topaneu_center1_mr_029 (MRA) shape=(128, 256, 256) mask=96.1% vess_max=0.060 (129.9s)
[OK] topaneu_center1_mr_033 (MRA) shape=(128, 256, 256) mask=80.8% vess_max=0.062 (69.9s)
[OK] topaneu_center1_mr_038 (MRA) shape=(128, 256, 256) mask=93.7% vess_max=0.035 (128.3s)
[OK] topaneu_center1_mr_049 (MRA) shape=(128, 256, 256) mask=84.4% vess_max=0.059 (73.2s)
[OK] topaneu_center1_mr_050 (MRA) shape=(128, 256, 256) mask=97.4% vess_max=0.051 (79.7s)
[OK] topaneu_center1_mr_053 (MRA) shape=(128, 256, 256) mask=87.4% vess_max=0.036 (75.4s)
[OK] topaneu_center1_mr_056 (MRA) shape=(128, 256, 256) mask=97.2% vess_max=0.057 (81.5s)
[OK] topaneu_center1_mr_061 (MRA) shape=(128, 256, 256) mask=99.4% vess_max=0.056 (139.1s)
[OK] topaneu_center1_mr_064 (MRA) shape=(128, 256, 256) mask=94.9% vess_max=0.054 (78.0s)
[OK] topaneu_center1_mr_076 (MRA) shape=(128, 256, 256) mask=93.5% vess_max=0.052 (78.7s)
[OK] topaneu_center1_mr_085 (MRA) shape=(128, 256, 256) mask=85.9% vess_max=0.063 (74.6s)
[OK] topaneu_center1_mr_088 (MRA) shape=(128, 256, 256) mask=95.3% vess_max=0.045 (132.8s)
[OK] topaneu_center1_mr_092 (MRA) shape=(128, 256, 256) mask=91.2% vess_max=0.041 (77.9s)
[OK] topaneu_center1_mr_113 (MRA) shape=(128, 256, 256) mask=93.8% vess_max=0.041 (137.3s)
[OK] topaneu_center1_mr_119 (MRA) shape=(128, 256, 256) mask=83.2% vess_max=0.035 (71.5s)
[OK] topaneu_center1_mr_121 (MRA) shape=(128, 256, 256) mask=96.4% vess_max=0.049 (79.3s)
[OK] topaneu_center1_mr_129 (MRA) shape=(128, 256, 256) mask=91.0% vess_max=0.037 (77.8s)
[OK] topaneu_center1_mr_136 (MRA) shape=(128, 256, 256) mask=83.7% vess_max=0.064 (74.9s)
[OK] topaneu_center1_mr_138 (MRA) shape=(128, 256, 256) mask=99.6% vess_max=0.049 (137.8s)
[OK] topaneu_center1_mr_144 (MRA) shape=(128, 256, 256) mask=92.0% vess_max=0.050 (77.8s)
[OK] topaneu_center1_mr_147 (MRA) shape=(128, 256, 256) mask=97.6% vess_max=0.041 (138.0s)
[OK] topaneu_center1_mr_148 (MRA) shape=(128, 256, 256) mask=93.5% vess_max=0.047 (81.6s)
[OK] topaneu_center1_mr_149 (MRA) shape=(128, 256, 256) mask=98.9% vess_max=0.037 (138.7s)
[OK] topaneu_center1_mr_150 (MRA) shape=(128, 256, 256) mask=91.2% vess_max=0.043 (126.5s)
[OK] topaneu_center1_mr_157 (MRA) shape=(128, 256, 256) mask=99.0% vess_max=0.046 (138.5s)
[OK] topaneu_center1_mr_173 (MRA) shape=(128, 256, 256) mask=92.7% vess_max=0.049 (79.0s)
[OK] topaneu_center1_mr_177 (MRA) shape=(128, 256, 256) mask=95.5% vess_max=0.060 (81.6s)
[OK] topaneu_center1_mr_178 (MRA) shape=(128, 256, 256) mask=99.4% vess_max=0.052 (137.9s)
[OK] topaneu_center1_mr_184 (MRA) shape=(128, 256, 256) mask=97.0% vess_max=0.061 (138.5s)
[OK] topaneu_center1_mr_188 (MRA) shape=(128, 256, 256) mask=94.9% vess_max=0.058 (77.8s)
[OK] topaneu_center1_mr_189 (MRA) shape=(128, 256, 256) mask=87.9% vess_max=0.077 (74.8s)
[OK] topaneu_center1_mr_191 (MRA) shape=(128, 256, 256) mask=89.8% vess_max=0.066 (125.9s)
[OK] topaneu_center1_mr_193 (MRA) shape=(128, 256, 256) mask=86.1% vess_max=0.036 (74.3s)
[OK] topaneu_center1_mr_195 (MRA) shape=(128, 256, 256) mask=97.6% vess_max=0.047 (137.8s)
[OK] topaneu_center1_mr_198 (MRA) shape=(128, 256, 256) mask=97.3% vess_max=0.034 (79.8s)
[OK] topaneu_center1_mr_200 (MRA) shape=(128, 256, 256) mask=95.7% vess_max=0.058 (81.3s)
[OK] topaneu_center1_mr_202 (MRA) shape=(128, 256, 256) mask=86.3% vess_max=0.045 (73.6s)
[OK] topaneu_center1_mr_210 (MRA) shape=(128, 256, 256) mask=93.4% vess_max=0.032 (76.8s)
[OK] topaneu_center1_mr_211 (MRA) shape=(128, 256, 256) mask=97.7% vess_max=0.051 (81.0s)
[OK] topaneu_center1_mr_213 (MRA) shape=(128, 256, 256) mask=96.5% vess_max=0.055 (79.5s)
[OK] topaneu_center1_mr_221 (MRA) shape=(128, 256, 256) mask=95.3% vess_max=0.048 (129.2s)
[OK] topaneu_center1_mr_229 (MRA) shape=(128, 256, 256) mask=91.2% vess_max=0.065 (76.7s)
[OK] topaneu_center1_mr_241 (MRA) shape=(128, 256, 256) mask=85.3% vess_max=0.050 (72.2s)
[OK] topaneu_center1_mr_247 (MRA) shape=(128, 256, 256) mask=99.7% vess_max=0.033 (138.2s)
[OK] topaneu_center1_mr_251 (MRA) shape=(128, 256, 256) mask=95.3% vess_max=0.037 (129.5s)
[OK] topaneu_center1_mr_262 (MRA) shape=(128, 256, 256) mask=94.2% vess_max=0.053 (79.1s)
[OK] topaneu_center1_mr_264 (MRA) shape=(128, 256, 256) mask=98.5% vess_max=0.049 (138.4s)
[OK] topaneu_center1_mr_282 (MRA) shape=(128, 256, 256) mask=97.2% vess_max=0.033 (81.2s)
[OK] topaneu_center1_mr_287 (MRA) shape=(128, 256, 256) mask=98.3% vess_max=0.041 (80.3s)
[OK] topaneu_center1_mr_290 (MRA) shape=(128, 256, 256) mask=88.3% vess_max=0.028 (132.5s)
[OK] topaneu_center1_mr_298 (MRA) shape=(128, 256, 256) mask=92.2% vess_max=0.033 (125.9s)
[OK] topaneu_center1_mr_299 (MRA) shape=(128, 256, 256) mask=93.8% vess_max=0.043 (128.4s)
[OK] topaneu_center1_mr_301 (MRA) shape=(128, 256, 256) mask=96.7% vess_max=0.047 (80.3s)
[OK] topaneu_center1_mr_302 (MRA) shape=(128, 256, 256) mask=92.7% vess_max=0.074 (80.1s)
[OK] topaneu_center1_mr_308 (MRA) shape=(128, 256, 256) mask=95.6% vess_max=0.035 (130.6s)
[OK] topaneu_center1_mr_311 (MRA) shape=(128, 256, 256) mask=99.3% vess_max=0.038 (138.7s)
[OK] topaneu_center1_mr_316 (MRA) shape=(128, 256, 256) mask=94.1% vess_max=0.042 (79.2s)
[OK] topaneu_center1_mr_325 (MRA) shape=(128, 256, 256) mask=96.8% vess_max=0.047 (132.5s)
[OK] topaneu_center1_mr_327 (MRA) shape=(128, 256, 256) mask=97.2% vess_max=0.061 (81.2s)
[OK] topaneu_center1_mr_330 (MRA) shape=(128, 256, 256) mask=89.8% vess_max=0.034 (126.5s)
[OK] topaneu_center1_mr_334 (MRA) shape=(128, 256, 256) mask=97.2% vess_max=0.049 (139.8s)
[OK] topaneu_center1_mr_336 (MRA) shape=(128, 256, 256) mask=97.5% vess_max=0.035 (82.4s)
[OK] topaneu_center1_mr_342 (MRA) shape=(128, 256, 256) mask=98.0% vess_max=0.046 (80.2s)
[OK] topaneu_center1_mr_349 (MRA) shape=(128, 256, 256) mask=96.5% vess_max=0.048 (79.6s)
[OK] topaneu_center1_mr_350 (MRA) shape=(128, 256, 256) mask=86.8% vess_max=0.043 (75.9s)
[OK] topaneu_center1_mr_354 (MRA) shape=(128, 256, 256) mask=96.7% vess_max=0.042 (79.0s)
[OK] topaneu_center1_mr_359 (MRA) shape=(128, 256, 256) mask=83.6% vess_max=0.041 (117.2s)
[OK] topaneu_center1_mr_364 (MRA) shape=(128, 256, 256) mask=80.2% vess_max=0.047 (70.0s)
[OK] topaneu_center1_mr_365 (MRA) shape=(128, 256, 256) mask=96.8% vess_max=0.048 (132.0s)
[OK] topaneu_center1_mr_374 (MRA) shape=(128, 256, 256) mask=95.7% vess_max=0.056 (82.2s)
[OK] topaneu_center1_mr_386 (MRA) shape=(128, 256, 256) mask=86.8% vess_max=0.047 (76.0s)
[OK] topaneu_center1_mr_393 (MRA) shape=(128, 256, 256) mask=98.8% vess_max=0.062 (139.8s)
[OK] topaneu_center1_mr_396 (MRA) shape=(128, 256, 256) mask=87.1% vess_max=0.025 (73.0s)
[OK] topaneu_center1_mr_398 (MRA) shape=(128, 256, 256) mask=92.0% vess_max=0.046 (83.4s)
[OK] topaneu_center1_mr_401 (MRA) shape=(128, 256, 256) mask=83.8% vess_max=0.066 (73.0s)
[OK] topaneu_center1_mr_411 (MRA) shape=(128, 256, 256) mask=97.2% vess_max=0.067 (81.1s)
[OK] topaneu_center1_mr_414 (MRA) shape=(128, 256, 256) mask=98.5% vess_max=0.049 (139.6s)
[OK] topaneu_center1_mr_419 (MRA) shape=(128, 256, 256) mask=94.5% vess_max=0.049 (77.4s)
[OK] topaneu_center1_mr_428 (MRA) shape=(128, 256, 256) mask=93.8% vess_max=0.041 (77.1s)
[OK] topaneu_center1_mr_436 (MRA) shape=(128, 256, 256) mask=66.4% vess_max=0.032 (58.1s)
[OK] topaneu_center1_mr_439 (MRA) shape=(128, 256, 256) mask=97.8% vess_max=0.046 (138.9s)
[OK] topaneu_center1_mr_443 (MRA) shape=(128, 256, 256) mask=81.1% vess_max=0.051 (70.9s)
[OK] topaneu_center1_mr_463 (MRA) shape=(128, 256, 256) mask=94.1% vess_max=0.028 (79.1s)
[OK] topaneu_center1_mr_474 (MRA) shape=(128, 256, 256) mask=93.3% vess_max=0.036 (77.1s)
[OK] topaneu_center1_mr_477 (MRA) shape=(128, 256, 256) mask=93.5% vess_max=0.051 (82.0s)
[OK] topaneu_center1_mr_483 (MRA) shape=(128, 256, 256) mask=98.9% vess_max=0.048 (140.1s)
[OK] topaneu_center1_mr_489 (MRA) shape=(128, 256, 256) mask=95.2% vess_max=0.064 (138.7s)
[OK] topaneu_center1_mr_490 (MRA) shape=(128, 256, 256) mask=97.9% vess_max=0.052 (81.7s)
[OK] topaneu_center1_mr_494 (MRA) shape=(128, 256, 256) mask=81.7% vess_max=0.031 (71.8s)
[OK] topaneu_center1_mr_496 (MRA) shape=(128, 256, 256) mask=91.9% vess_max=0.059 (80.8s)
[OK] topaneu_center1_mr_499 (MRA) shape=(128, 256, 256) mask=99.0% vess_max=0.044 (139.1s)
[OK] topaneu_center1_mr_501 (MRA) shape=(128, 256, 256) mask=93.2% vess_max=0.046 (78.9s)
[OK] topaneu_center1_mr_509 (MRA) shape=(128, 256, 256) mask=97.4% vess_max=0.044 (139.3s)
[OK] topaneu_center1_mr_516 (MRA) shape=(128, 256, 256) mask=97.0% vess_max=0.037 (81.6s)
[OK] topaneu_center1_mr_522 (MRA) shape=(128, 256, 256) mask=97.8% vess_max=0.042 (84.0s)
[OK] topaneu_center1_mr_523 (MRA) shape=(128, 256, 256) mask=96.9% vess_max=0.030 (139.1s)
[OK] topaneu_center1_mr_525 (MRA) shape=(128, 256, 256) mask=89.7% vess_max=0.052 (76.6s)
[OK] topaneu_center1_mr_527 (MRA) shape=(128, 256, 256) mask=94.2% vess_max=0.042 (80.4s)
[OK] topaneu_center1_mr_528 (MRA) shape=(128, 256, 256) mask=95.7% vess_max=0.053 (83.8s)
[OK] topaneu_center1_mr_538 (MRA) shape=(128, 256, 256) mask=92.0% vess_max=0.033 (81.3s)
[OK] topaneu_center1_mr_554 (MRA) shape=(128, 256, 256) mask=95.0% vess_max=0.047 (83.7s)
[OK] topaneu_center1_mr_560 (MRA) shape=(128, 256, 256) mask=95.3% vess_max=0.027 (80.5s)
[OK] topaneu_center1_mr_561 (MRA) shape=(128, 256, 256) mask=91.4% vess_max=0.031 (128.6s)
[OK] topaneu_center1_mr_572 (MRA) shape=(128, 256, 256) mask=88.3% vess_max=0.041 (77.6s)
[OK] topaneu_center1_mr_577 (MRA) shape=(128, 256, 256) mask=93.4% vess_max=0.048 (77.9s)
[OK] topaneu_center1_mr_581 (MRA) shape=(128, 256, 256) mask=95.7% vess_max=0.048 (83.3s)
[OK] topaneu_center1_mr_585 (MRA) shape=(128, 256, 256) mask=92.6% vess_max=0.038 (86.9s)
[OK] topaneu_center1_mr_586 (MRA) shape=(128, 256, 256) mask=94.1% vess_max=0.042 (79.6s)
[OK] topaneu_center1_mr_596 (MRA) shape=(128, 256, 256) mask=99.4% vess_max=0.032 (139.8s)
[OK] topaneu_center1_mr_605 (MRA) shape=(128, 256, 256) mask=92.0% vess_max=0.063 (80.3s)
[OK] topaneu_center1_mr_607 (MRA) shape=(128, 256, 256) mask=93.8% vess_max=0.050 (131.9s)
[OK] topaneu_center1_mr_612 (MRA) shape=(128, 256, 256) mask=91.2% vess_max=0.048 (78.0s)
[OK] topaneu_center1_mr_614 (MRA) shape=(128, 256, 256) mask=98.5% vess_max=0.051 (139.7s)
[OK] topaneu_center1_mr_615 (MRA) shape=(128, 256, 256) mask=93.4% vess_max=0.048 (78.0s)
[OK] topaneu_center1_mr_625 (MRA) shape=(128, 256, 256) mask=90.1% vess_max=0.051 (76.4s)
[OK] topaneu_center1_mr_626 (MRA) shape=(128, 256, 256) mask=85.7% vess_max=0.089 (122.5s)
[OK] topaneu_center1_mr_630 (MRA) shape=(128, 256, 256) mask=97.8% vess_max=0.039 (82.3s)
[OK] topaneu_center1_mr_631 (MRA) shape=(128, 256, 256) mask=88.2% vess_max=0.045 (75.4s)
[OK] topaneu_center1_mr_637 (MRA) shape=(128, 256, 256) mask=96.5% vess_max=0.046 (80.7s)
[OK] topaneu_center1_mr_638 (MRA) shape=(128, 256, 256) mask=89.4% vess_max=0.041 (75.7s)
[OK] topaneu_center1_mr_647 (MRA) shape=(128, 256, 256) mask=96.5% vess_max=0.036 (80.7s)
[OK] topaneu_center1_mr_653 (MRA) shape=(128, 256, 256) mask=94.5% vess_max=0.038 (78.4s)
[OK] topaneu_center1_mr_660 (MRA) shape=(128, 256, 256) mask=98.6% vess_max=0.053 (139.6s)
[OK] topaneu_center1_mr_664 (MRA) shape=(128, 256, 256) mask=95.8% vess_max=0.043 (139.7s)
[OK] topaneu_center1_mr_670 (MRA) shape=(128, 256, 256) mask=89.8% vess_max=0.056 (127.7s)
[OK] topaneu_center1_mr_681 (MRA) shape=(128, 256, 256) mask=95.2% vess_max=0.033 (131.2s)
[OK] topaneu_center1_mr_682 (MRA) shape=(128, 256, 256) mask=99.2% vess_max=0.044 (139.9s)
[OK] topaneu_center1_mr_693 (MRA) shape=(128, 256, 256) mask=96.3% vess_max=0.038 (132.6s)
[OK] topaneu_center1_mr_694 (MRA) shape=(128, 256, 256) mask=92.3% vess_max=0.033 (78.0s)
[OK] topaneu_center1_mr_697 (MRA) shape=(128, 256, 256) mask=95.7% vess_max=0.044 (83.0s)
[OK] topaneu_center1_mr_702 (MRA) shape=(128, 256, 256) mask=97.2% vess_max=0.052 (139.7s)
[OK] topaneu_center1_mr_713 (MRA) shape=(128, 256, 256) mask=94.1% vess_max=0.049 (79.7s)
[OK] topaneu_center1_mr_720 (MRA) shape=(128, 256, 256) mask=89.8% vess_max=0.039 (126.3s)
[OK] topaneu_center1_mr_727 (MRA) shape=(128, 256, 256) mask=94.5% vess_max=0.050 (132.7s)
[OK] topaneu_center1_mr_729 (MRA) shape=(128, 256, 256) mask=99.5% vess_max=0.042 (138.3s)
[OK] topaneu_center1_mr_731 (MRA) shape=(128, 256, 256) mask=93.0% vess_max=0.031 (126.3s)
[OK] topaneu_center1_mr_732 (MRA) shape=(128, 256, 256) mask=99.7% vess_max=0.052 (138.1s)
[OK] topaneu_center1_mr_740 (MRA) shape=(128, 256, 256) mask=97.1% vess_max=0.047 (82.0s)
[OK] topaneu_center1_mr_741 (MRA) shape=(128, 256, 256) mask=94.1% vess_max=0.062 (79.4s)
[OK] topaneu_center1_mr_742 (MRA) shape=(128, 256, 256) mask=88.9% vess_max=0.048 (77.2s)
[OK] topaneu_center1_mr_744 (MRA) shape=(128, 256, 256) mask=98.4% vess_max=0.044 (138.5s)
[OK] topaneu_center1_mr_750 (MRA) shape=(128, 256, 256) mask=85.8% vess_max=0.038 (75.7s)
[OK] topaneu_center1_mr_760 (MRA) shape=(128, 256, 256) mask=93.0% vess_max=0.038 (127.8s)
[OK] topaneu_center1_mr_763 (MRA) shape=(128, 256, 256) mask=95.3% vess_max=0.044 (130.2s)
[OK] topaneu_center1_mr_765 (MRA) shape=(128, 256, 256) mask=97.7% vess_max=0.047 (81.7s)
[OK] topaneu_center1_mr_770 (MRA) shape=(128, 256, 256) mask=96.7% vess_max=0.044 (80.1s)
[OK] topaneu_center1_mr_772 (MRA) shape=(128, 256, 256) mask=96.3% vess_max=0.035 (80.5s)
[OK] topaneu_center1_mr_774 (MRA) shape=(128, 256, 256) mask=93.1% vess_max=0.058 (130.7s)
[OK] topaneu_center1_mr_775 (MRA) shape=(128, 256, 256) mask=98.8% vess_max=0.051 (138.9s)
[OK] topaneu_center1_mr_776 (MRA) shape=(128, 256, 256) mask=98.7% vess_max=0.047 (138.8s)
[OK] topaneu_center1_mr_788 (MRA) shape=(128, 256, 256) mask=93.5% vess_max=0.042 (80.6s)
[OK] topaneu_center1_mr_789 (MRA) shape=(128, 256, 256) mask=94.6% vess_max=0.052 (79.8s)
[OK] topaneu_center1_mr_790 (MRA) shape=(128, 256, 256) mask=98.2% vess_max=0.044 (81.2s)
[OK] topaneu_center1_mr_792 (MRA) shape=(128, 256, 256) mask=96.5% vess_max=0.052 (139.1s)
[OK] topaneu_center1_mr_795 (MRA) shape=(128, 256, 256) mask=93.4% vess_max=0.037 (78.2s)
[OK] topaneu_center1_mr_797 (MRA) shape=(128, 256, 256) mask=97.3% vess_max=0.050 (139.4s)
[OK] topaneu_center1_mr_800 (MRA) shape=(128, 256, 256) mask=98.9% vess_max=0.042 (143.1s)
[OK] topaneu_center1_mr_804 (MRA) shape=(128, 256, 256) mask=90.2% vess_max=0.036 (75.5s)
[OK] topaneu_center1_mr_807 (MRA) shape=(128, 256, 256) mask=99.1% vess_max=0.055 (139.9s)
[OK] topaneu_center1_mr_810 (MRA) shape=(128, 256, 256) mask=89.0% vess_max=0.054 (78.9s)
[OK] topaneu_center1_mr_816 (MRA) shape=(128, 256, 256) mask=99.8% vess_max=0.052 (139.1s)
[OK] topaneu_center1_mr_819 (MRA) shape=(128, 256, 256) mask=99.0% vess_max=0.055 (139.4s)
[OK] topaneu_center1_mr_823 (MRA) shape=(128, 256, 256) mask=99.1% vess_max=0.055 (139.6s)
[OK] topaneu_center1_mr_840 (MRA) shape=(128, 256, 256) mask=98.1% vess_max=0.057 (81.3s)
[OK] topaneu_center1_mr_842 (MRA) shape=(128, 256, 256) mask=91.2% vess_max=0.036 (80.4s)
[OK] topaneu_center1_mr_848 (MRA) shape=(128, 256, 256) mask=92.7% vess_max=0.042 (130.8s)
[OK] topaneu_center1_mr_850 (MRA) shape=(128, 256, 256) mask=94.2% vess_max=0.056 (80.2s)
[OK] topaneu_center1_mr_871 (MRA) shape=(128, 256, 256) mask=94.1% vess_max=0.073 (80.3s)
[OK] topaneu_center1_mr_877 (MRA) shape=(128, 256, 256) mask=94.2% vess_max=0.051 (93.5s)
[OK] topaneu_center1_mr_891 (MRA) shape=(128, 256, 256) mask=97.8% vess_max=0.048 (81.6s)
[OK] topaneu_center1_mr_892 (MRA) shape=(128, 256, 256) mask=93.0% vess_max=0.037 (128.4s)
[OK] topaneu_center1_mr_895 (MRA) shape=(128, 256, 256) mask=94.1% vess_max=0.036 (79.4s)
[OK] topaneu_center1_mr_896 (MRA) shape=(128, 256, 256) mask=86.8% vess_max=0.051 (84.8s)
[OK] topaneu_center1_mr_902 (MRA) shape=(128, 256, 256) mask=97.7% vess_max=0.049 (81.4s)
[OK] topaneu_center1_mr_909 (MRA) shape=(128, 256, 256) mask=97.5% vess_max=0.037 (139.2s)
[OK] topaneu_center1_mr_910 (MRA) shape=(128, 256, 256) mask=94.5% vess_max=0.045 (128.1s)
[OK] topaneu_center1_mr_911 (MRA) shape=(128, 256, 256) mask=96.9% vess_max=0.040 (79.6s)
[OK] topaneu_center1_mr_917 (MRA) shape=(128, 256, 256) mask=94.9% vess_max=0.051 (79.3s)
[OK] topaneu_center1_mr_920 (MRA) shape=(128, 256, 256) mask=95.3% vess_max=0.057 (78.2s)
[OK] topaneu_center1_mr_921 (MRA) shape=(128, 256, 256) mask=93.0% vess_max=0.054 (76.2s)
[OK] topaneu_center1_mr_922 (MRA) shape=(128, 256, 256) mask=93.0% vess_max=0.029 (129.0s)
[OK] topaneu_center1_mr_924 (MRA) shape=(128, 256, 256) mask=95.4% vess_max=0.039 (141.1s)
[OK] topaneu_center1_mr_926 (MRA) shape=(128, 256, 256) mask=92.2% vess_max=0.036 (128.5s)
[OK] topaneu_center1_mr_928 (MRA) shape=(128, 256, 256) mask=86.1% vess_max=0.058 (74.3s)
[OK] topaneu_center1_mr_939 (MRA) shape=(128, 256, 256) mask=88.9% vess_max=0.046 (76.5s)
[OK] topaneu_center1_mr_940 (MRA) shape=(128, 256, 256) mask=91.4% vess_max=0.039 (75.5s)
[OK] topaneu_center1_mr_942 (MRA) shape=(128, 256, 256) mask=92.2% vess_max=0.052 (76.2s)
[OK] topaneu_center1_mr_944 (MRA) shape=(128, 256, 256) mask=97.5% vess_max=0.058 (139.0s)
[OK] topaneu_center1_mr_959 (MRA) shape=(128, 256, 256) mask=97.6% vess_max=0.052 (139.0s)
[OK] topaneu_center1_mr_961 (MRA) shape=(128, 256, 256) mask=92.7% vess_max=0.054 (81.9s)
[OK] topaneu_center1_mr_975 (MRA) shape=(128, 256, 256) mask=99.2% vess_max=0.051 (139.7s)
[OK] topaneu_center1_mr_981 (MRA) shape=(128, 256, 256) mask=94.5% vess_max=0.043 (128.5s)
[OK] topaneu_center1_mr_991 (MRA) shape=(128, 256, 256) mask=95.2% vess_max=0.040 (78.3s)
[OK] topaneu_center2_ct_105 (CTA) shape=(128, 256, 256) mask=70.0% vess_max=0.336 (137.8s)
[OK] topaneu_center2_ct_107 (CTA) shape=(128, 256, 256) mask=72.8% vess_max=0.315 (138.0s)
[OK] topaneu_center2_ct_108 (CTA) shape=(128, 256, 256) mask=66.3% vess_max=0.247 (138.1s)
[OK] topaneu_center2_ct_109 (CTA) shape=(128, 256, 256) mask=68.9% vess_max=0.248 (137.4s)
[OK] topaneu_center2_ct_112 (CTA) shape=(128, 256, 256) mask=67.8% vess_max=0.162 (137.5s)
[OK] topaneu_center2_ct_113 (CTA) shape=(128, 256, 256) mask=71.8% vess_max=0.285 (138.1s)
[OK] topaneu_center2_ct_118 (CTA) shape=(128, 256, 256) mask=65.8% vess_max=0.231 (137.9s)
[OK] topaneu_center2_ct_119 (CTA) shape=(128, 256, 256) mask=69.9% vess_max=0.258 (138.1s)
[OK] topaneu_center2_ct_120 (CTA) shape=(128, 256, 256) mask=69.9% vess_max=0.379 (138.4s)
[OK] topaneu_center2_ct_125 (CTA) shape=(128, 256, 256) mask=66.7% vess_max=0.277 (138.2s)
[OK] topaneu_center2_ct_126 (CTA) shape=(128, 256, 256) mask=65.7% vess_max=0.290 (138.2s)
[OK] topaneu_center2_ct_127 (CTA) shape=(128, 256, 256) mask=68.6% vess_max=0.395 (138.6s)
[OK] topaneu_center2_ct_128 (CTA) shape=(128, 256, 256) mask=68.0% vess_max=0.280 (138.7s)
[OK] topaneu_center2_ct_130 (CTA) shape=(128, 256, 256) mask=68.7% vess_max=0.224 (138.4s)
[OK] topaneu_center2_ct_134 (CTA) shape=(128, 256, 256) mask=72.5% vess_max=0.205 (138.6s)
[OK] topaneu_center2_ct_137 (CTA) shape=(128, 256, 256) mask=62.8% vess_max=0.325 (138.9s)
[OK] topaneu_center2_ct_138 (CTA) shape=(128, 256, 256) mask=69.3% vess_max=0.296 (138.4s)
[OK] topaneu_center2_ct_141 (CTA) shape=(128, 256, 256) mask=69.7% vess_max=0.235 (138.5s)
[OK] topaneu_center2_ct_142 (CTA) shape=(128, 256, 256) mask=61.7% vess_max=0.250 (137.9s)
[OK] topaneu_center2_ct_144 (CTA) shape=(128, 256, 256) mask=74.2% vess_max=0.257 (137.6s)
[OK] topaneu_center2_ct_147 (CTA) shape=(128, 256, 256) mask=66.7% vess_max=0.353 (137.5s)
[OK] topaneu_center2_ct_150 (CTA) shape=(128, 256, 256) mask=66.0% vess_max=0.359 (138.0s)
[OK] topaneu_center2_ct_154 (CTA) shape=(128, 256, 256) mask=68.9% vess_max=0.290 (138.0s)
[OK] topaneu_center2_ct_156 (CTA) shape=(128, 256, 256) mask=64.4% vess_max=0.278 (138.0s)
[OK] topaneu_center2_ct_160 (CTA) shape=(128, 256, 256) mask=71.8% vess_max=0.180 (138.3s)
[OK] topaneu_center2_ct_161 (CTA) shape=(128, 256, 256) mask=65.4% vess_max=0.236 (140.5s)
[OK] topaneu_center2_ct_162 (CTA) shape=(128, 256, 256) mask=70.0% vess_max=0.250 (138.5s)
[OK] topaneu_center2_ct_163 (CTA) shape=(128, 256, 256) mask=69.4% vess_max=0.324 (138.6s)
[OK] topaneu_center2_ct_164 (CTA) shape=(128, 256, 256) mask=64.5% vess_max=0.283 (139.0s)
[OK] topaneu_center2_ct_165 (CTA) shape=(128, 256, 256) mask=65.1% vess_max=0.303 (139.6s)
[OK] topaneu_center2_ct_166 (CTA) shape=(128, 256, 256) mask=66.5% vess_max=0.273 (138.6s)
[OK] topaneu_center2_ct_167 (CTA) shape=(128, 256, 256) mask=65.7% vess_max=0.366 (138.0s)
[OK] topaneu_center2_ct_169 (CTA) shape=(128, 256, 256) mask=70.4% vess_max=0.293 (157.7s)
[OK] topaneu_center2_ct_170 (CTA) shape=(128, 256, 256) mask=70.6% vess_max=0.249 (138.1s)
[OK] topaneu_center2_ct_171 (CTA) shape=(128, 256, 256) mask=62.9% vess_max=0.327 (137.8s)
[OK] topaneu_center2_ct_172 (CTA) shape=(128, 256, 256) mask=69.3% vess_max=0.311 (138.3s)
[OK] topaneu_center2_ct_173 (CTA) shape=(128, 256, 256) mask=63.8% vess_max=0.341 (138.3s)
[OK] topaneu_center2_ct_174 (CTA) shape=(128, 256, 256) mask=66.3% vess_max=0.201 (137.9s)
[OK] topaneu_center2_ct_175 (CTA) shape=(128, 256, 256) mask=74.7% vess_max=0.426 (138.1s)
[OK] topaneu_center2_ct_184 (CTA) shape=(128, 256, 256) mask=70.6% vess_max=0.236 (138.2s)
[OK] topaneu_center2_ct_189 (CTA) shape=(128, 256, 256) mask=64.5% vess_max=0.348 (137.4s)
[OK] topaneu_center2_ct_190 (CTA) shape=(128, 256, 256) mask=67.9% vess_max=0.305 (137.8s)
[OK] topaneu_center2_ct_191 (CTA) shape=(128, 256, 256) mask=67.1% vess_max=0.248 (137.3s)
[OK] topaneu_center2_ct_192 (CTA) shape=(128, 256, 256) mask=65.9% vess_max=0.222 (138.0s)
[OK] topaneu_center2_ct_193 (CTA) shape=(128, 256, 256) mask=67.8% vess_max=0.234 (137.8s)
[OK] topaneu_center2_ct_196 (CTA) shape=(128, 256, 256) mask=71.1% vess_max=0.351 (138.0s)
[OK] topaneu_center2_ct_197 (CTA) shape=(128, 256, 256) mask=64.9% vess_max=0.339 (137.5s)
[OK] topaneu_center2_mr_002 (MRA) shape=(128, 256, 256) mask=84.5% vess_max=0.040 (74.3s)
[OK] topaneu_center2_mr_004 (MRA) shape=(128, 256, 256) mask=73.2% vess_max=0.025 (63.6s)
[OK] topaneu_center2_mr_007 (MRA) shape=(128, 256, 256) mask=75.0% vess_max=0.030 (104.2s)
[OK] topaneu_center2_mr_010 (MRA) shape=(128, 256, 256) mask=72.9% vess_max=0.037 (64.7s)
[OK] topaneu_center2_mr_011 (MRA) shape=(128, 256, 256) mask=79.7% vess_max=0.037 (111.1s)
[OK] topaneu_center2_mr_012 (MRA) shape=(128, 256, 256) mask=93.5% vess_max=0.042 (82.4s)
[OK] topaneu_center2_mr_016 (MRA) shape=(128, 256, 256) mask=91.9% vess_max=0.034 (79.0s)
[OK] topaneu_center2_mr_017 (MRA) shape=(128, 256, 256) mask=96.0% vess_max=0.053 (131.7s)
[OK] topaneu_center2_mr_018 (MRA) shape=(128, 256, 256) mask=99.7% vess_max=0.047 (137.9s)
[OK] topaneu_center2_mr_019 (MRA) shape=(128, 256, 256) mask=98.5% vess_max=0.044 (138.9s)
[OK] topaneu_center2_mr_020 (MRA) shape=(128, 256, 256) mask=93.3% vess_max=0.050 (127.8s)
[OK] topaneu_center2_mr_025 (MRA) shape=(128, 256, 256) mask=87.5% vess_max=0.042 (119.7s)
[OK] topaneu_center2_mr_028 (MRA) shape=(128, 256, 256) mask=96.0% vess_max=0.047 (131.1s)
[OK] topaneu_center2_mr_029 (MRA) shape=(128, 256, 256) mask=83.1% vess_max=0.034 (71.2s)
[OK] topaneu_center2_mr_031 (MRA) shape=(128, 256, 256) mask=91.4% vess_max=0.032 (125.0s)
[OK] topaneu_center2_mr_032 (MRA) shape=(128, 256, 256) mask=75.0% vess_max=0.034 (106.7s)
[OK] topaneu_center2_mr_034 (MRA) shape=(128, 256, 256) mask=96.0% vess_max=0.040 (131.7s)
[OK] topaneu_center2_mr_035 (MRA) shape=(128, 256, 256) mask=93.5% vess_max=0.036 (81.6s)
[OK] topaneu_center2_mr_038 (MRA) shape=(128, 256, 256) mask=93.7% vess_max=0.048 (128.0s)
[OK] topaneu_center2_mr_042 (MRA) shape=(128, 256, 256) mask=88.4% vess_max=0.044 (74.5s)
[OK] topaneu_center2_mr_044 (MRA) shape=(128, 256, 256) mask=71.6% vess_max=0.032 (62.9s)
[OK] topaneu_center2_mr_047 (MRA) shape=(128, 256, 256) mask=97.6% vess_max=0.050 (139.0s)
[OK] topaneu_center2_mr_048 (MRA) shape=(128, 256, 256) mask=92.2% vess_max=0.029 (127.1s)
[OK] topaneu_center2_mr_049 (MRA) shape=(128, 256, 256) mask=85.3% vess_max=0.046 (72.7s)
[OK] topaneu_center2_mr_050 (MRA) shape=(128, 256, 256) mask=95.3% vess_max=0.041 (130.8s)
[OK] topaneu_center2_mr_051 (MRA) shape=(128, 256, 256) mask=93.7% vess_max=0.066 (128.3s)
[OK] topaneu_center2_mr_054 (MRA) shape=(128, 256, 256) mask=91.4% vess_max=0.040 (125.3s)
[OK] topaneu_center2_mr_055 (MRA) shape=(128, 256, 256) mask=72.4% vess_max=0.034 (64.0s)
[OK] topaneu_center2_mr_056 (MRA) shape=(128, 256, 256) mask=96.0% vess_max=0.052 (130.9s)
[OK] topaneu_center2_mr_057 (MRA) shape=(128, 256, 256) mask=92.3% vess_max=0.034 (77.5s)
[OK] topaneu_center2_mr_058 (MRA) shape=(128, 256, 256) mask=96.0% vess_max=0.062 (132.0s)
[OK] topaneu_center2_mr_069 (MRA) shape=(128, 256, 256) mask=93.0% vess_max=0.044 (128.1s)
[OK] topaneu_center2_mr_074 (MRA) shape=(128, 256, 256) mask=94.5% vess_max=0.048 (127.7s)
[OK] topaneu_center2_mr_077 (MRA) shape=(128, 256, 256) mask=98.5% vess_max=0.040 (138.8s)
[OK] topaneu_center2_mr_078 (MRA) shape=(128, 256, 256) mask=96.1% vess_max=0.039 (130.4s)
[OK] topaneu_center2_mr_079 (MRA) shape=(128, 256, 256) mask=91.2% vess_max=0.036 (77.5s)
[OK] topaneu_center2_mr_080 (MRA) shape=(128, 256, 256) mask=86.7% vess_max=0.060 (73.7s)
[OK] topaneu_center2_mr_083 (MRA) shape=(128, 256, 256) mask=90.1% vess_max=0.047 (75.8s)
[OK] topaneu_center2_mr_085 (MRA) shape=(128, 256, 256) mask=88.9% vess_max=0.046 (76.1s)
[OK] topaneu_center2_mr_086 (MRA) shape=(128, 256, 256) mask=89.7% vess_max=0.043 (84.9s)
[OK] topaneu_center4_ct_002 (CTA) shape=(128, 256, 256) mask=73.7% vess_max=0.179 (138.0s)
[OK] topaneu_center4_ct_005 (CTA) shape=(128, 256, 256) mask=68.6% vess_max=0.275 (138.5s)
[OK] topaneu_center4_ct_008_1 (CTA) shape=(128, 256, 256) mask=68.9% vess_max=0.282 (138.8s)
[OK] topaneu_center4_ct_008_2 (CTA) shape=(128, 256, 256) mask=68.9% vess_max=0.282 (137.5s)
[OK] topaneu_center4_ct_009 (CTA) shape=(128, 256, 256) mask=70.8% vess_max=0.191 (137.7s)
[OK] topaneu_center4_ct_012 (CTA) shape=(128, 256, 256) mask=67.5% vess_max=0.348 (138.2s)
[OK] topaneu_center4_ct_019 (CTA) shape=(128, 256, 256) mask=69.6% vess_max=0.226 (138.5s)
[OK] topaneu_center4_ct_020_1 (CTA) shape=(128, 256, 256) mask=74.4% vess_max=0.132 (139.0s)
[OK] topaneu_center4_ct_020_2 (CTA) shape=(128, 256, 256) mask=73.6% vess_max=0.146 (137.9s)
[OK] topaneu_center4_ct_020_3 (CTA) shape=(128, 256, 256) mask=70.6% vess_max=0.210 (138.3s)
[OK] topaneu_center4_ct_023 (CTA) shape=(128, 256, 256) mask=68.5% vess_max=0.167 (138.0s)
[OK] topaneu_center4_ct_025_1 (CTA) shape=(128, 256, 256) mask=68.2% vess_max=0.271 (138.0s)
[OK] topaneu_center4_ct_025_2 (CTA) shape=(128, 256, 256) mask=69.5% vess_max=0.289 (141.0s)
[OK] topaneu_center4_ct_030 (CTA) shape=(128, 256, 256) mask=69.7% vess_max=0.240 (138.6s)
[OK] topaneu_center4_ct_034_1 (CTA) shape=(128, 256, 256) mask=66.2% vess_max=0.177 (138.6s)
[OK] topaneu_center4_ct_034_2 (CTA) shape=(128, 256, 256) mask=68.7% vess_max=0.184 (137.8s)
[OK] topaneu_center4_ct_037 (CTA) shape=(128, 256, 256) mask=71.0% vess_max=0.243 (139.4s)
[OK] topaneu_center4_ct_041 (CTA) shape=(128, 256, 256) mask=66.7% vess_max=0.147 (137.8s)
[OK] topaneu_center4_ct_042_1 (CTA) shape=(128, 256, 256) mask=71.1% vess_max=0.151 (139.1s)
[OK] topaneu_center4_ct_042_2 (CTA) shape=(128, 256, 256) mask=66.2% vess_max=0.178 (137.9s)
[OK] topaneu_center4_ct_045 (CTA) shape=(128, 256, 256) mask=68.2% vess_max=0.289 (139.6s)
[OK] topaneu_center4_ct_047 (CTA) shape=(128, 256, 256) mask=70.6% vess_max=0.304 (137.9s)
[OK] topaneu_center4_ct_048 (CTA) shape=(128, 256, 256) mask=70.6% vess_max=0.224 (138.4s)
[OK] topaneu_center4_ct_051_1 (CTA) shape=(128, 256, 256) mask=69.5% vess_max=0.246 (138.1s)
[OK] topaneu_center4_ct_051_2 (CTA) shape=(128, 256, 256) mask=71.5% vess_max=0.147 (139.6s)
[OK] topaneu_center4_ct_055 (CTA) shape=(128, 256, 256) mask=65.9% vess_max=0.279 (139.2s)
[OK] topaneu_center4_ct_057 (CTA) shape=(128, 256, 256) mask=66.9% vess_max=0.358 (137.9s)
[OK] topaneu_center4_ct_059 (CTA) shape=(128, 256, 256) mask=71.5% vess_max=0.325 (138.3s)
[OK] topaneu_center4_ct_060 (CTA) shape=(128, 256, 256) mask=69.3% vess_max=0.227 (138.9s)
[OK] topaneu_center4_ct_062_1 (CTA) shape=(128, 256, 256) mask=75.1% vess_max=0.218 (138.2s)
[OK] topaneu_center4_ct_062_2 (CTA) shape=(128, 256, 256) mask=73.5% vess_max=0.189 (138.4s)
[OK] topaneu_center4_ct_063 (CTA) shape=(128, 256, 256) mask=70.0% vess_max=0.272 (139.0s)
[OK] topaneu_center4_ct_064 (CTA) shape=(128, 256, 256) mask=65.9% vess_max=0.247 (139.2s)
[OK] topaneu_center4_ct_065 (CTA) shape=(128, 256, 256) mask=66.9% vess_max=0.270 (138.2s)
[OK] topaneu_center4_ct_067 (CTA) shape=(128, 256, 256) mask=70.9% vess_max=0.301 (138.5s)
[OK] topaneu_center4_ct_070 (CTA) shape=(128, 256, 256) mask=71.7% vess_max=0.203 (140.0s)
[OK] topaneu_center4_ct_072 (CTA) shape=(128, 256, 256) mask=66.9% vess_max=0.255 (139.0s)
[OK] topaneu_center4_ct_074 (CTA) shape=(128, 256, 256) mask=68.5% vess_max=0.172 (138.2s)
[OK] topaneu_center4_ct_083 (CTA) shape=(128, 256, 256) mask=70.6% vess_max=0.202 (138.5s)
[OK] topaneu_center4_ct_087 (CTA) shape=(128, 256, 256) mask=66.1% vess_max=0.376 (137.9s)
[OK] topaneu_center4_ct_093 (CTA) shape=(128, 256, 256) mask=67.3% vess_max=0.351 (139.2s)
[OK] topaneu_center4_ct_094 (CTA) shape=(128, 256, 256) mask=65.1% vess_max=0.299 (137.9s)
[OK] topaneu_center4_ct_097 (CTA) shape=(128, 256, 256) mask=66.6% vess_max=0.221 (138.1s)
[OK] topaneu_center4_ct_101 (CTA) shape=(128, 256, 256) mask=68.8% vess_max=0.194 (138.1s)
[OK] topaneu_center4_ct_102 (CTA) shape=(128, 256, 256) mask=71.9% vess_max=0.288 (138.1s)
[OK] topaneu_center4_ct_103 (CTA) shape=(128, 256, 256) mask=68.7% vess_max=0.260 (138.4s)
[OK] topaneu_center4_ct_104 (CTA) shape=(128, 256, 256) mask=68.7% vess_max=0.284 (138.6s)
[OK] topaneu_center4_ct_105 (CTA) shape=(128, 256, 256) mask=66.3% vess_max=0.259 (149.6s)
[OK] topaneu_center4_ct_106 (CTA) shape=(128, 256, 256) mask=68.9% vess_max=0.377 (138.1s)
[OK] topaneu_center4_ct_107 (CTA) shape=(128, 256, 256) mask=69.0% vess_max=0.250 (166.1s)
[OK] topaneu_center4_ct_108 (CTA) shape=(128, 256, 256) mask=65.3% vess_max=0.363 (137.9s)
[OK] topaneu_center4_ct_115 (CTA) shape=(128, 256, 256) mask=70.0% vess_max=0.236 (137.9s)
[OK] topaneu_center4_ct_116 (CTA) shape=(128, 256, 256) mask=78.4% vess_max=0.226 (137.4s)
[OK] topaneu_center4_ct_119 (CTA) shape=(128, 256, 256) mask=69.3% vess_max=0.178 (137.4s)
[OK] topaneu_center4_ct_122 (CTA) shape=(128, 256, 256) mask=65.6% vess_max=0.177 (138.4s)
[OK] topaneu_center4_ct_127 (CTA) shape=(128, 256, 256) mask=70.6% vess_max=0.191 (137.3s)
[OK] topaneu_center4_ct_129 (CTA) shape=(128, 256, 256) mask=67.2% vess_max=0.176 (136.9s)
[OK] topaneu_center4_ct_134 (CTA) shape=(128, 256, 256) mask=67.6% vess_max=0.152 (140.2s)
[OK] topaneu_center4_ct_140 (CTA) shape=(128, 256, 256) mask=68.4% vess_max=0.189 (137.3s)
[OK] topaneu_center4_ct_193 (CTA) shape=(128, 256, 256) mask=63.7% vess_max=0.225 (137.4s)
[OK] topaneu_center4_ct_200 (CTA) shape=(128, 256, 256) mask=65.0% vess_max=0.144 (136.9s)
[OK] topaneu_center4_ct_201 (CTA) shape=(128, 256, 256) mask=55.4% vess_max=0.195 (119.0s)
[OK] topaneu_center5_mr_007 (MRA) shape=(128, 256, 256) mask=66.4% vess_max=0.047 (92.0s)
[OK] topaneu_center5_mr_009 (MRA) shape=(128, 256, 256) mask=97.6% vess_max=0.039 (140.0s)
[OK] topaneu_center5_mr_010 (MRA) shape=(128, 256, 256) mask=78.9% vess_max=0.038 (109.9s)
[OK] topaneu_center5_mr_011 (MRA) shape=(128, 256, 256) mask=78.9% vess_max=0.039 (111.6s)
[OK] topaneu_center5_mr_015 (MRA) shape=(128, 256, 256) mask=78.9% vess_max=0.025 (109.8s)
[OK] topaneu_center5_mr_016 (MRA) shape=(128, 256, 256) mask=73.7% vess_max=0.032 (64.3s)
[OK] topaneu_center5_mr_021 (MRA) shape=(128, 256, 256) mask=78.9% vess_max=0.026 (109.1s)
[OK] topaneu_center5_mr_022 (MRA) shape=(128, 256, 256) mask=77.7% vess_max=0.024 (67.0s)
[OK] topaneu_center5_mr_023 (MRA) shape=(128, 256, 256) mask=97.3% vess_max=0.051 (138.2s)
[OK] topaneu_center5_mr_024 (MRA) shape=(128, 256, 256) mask=97.8% vess_max=0.037 (138.5s)
[OK] topaneu_center5_mr_025 (MRA) shape=(128, 256, 256) mask=78.9% vess_max=0.028 (110.1s)
[OK] topaneu_center5_mr_027 (MRA) shape=(128, 256, 256) mask=78.9% vess_max=0.031 (114.2s)
[OK] topaneu_center5_mr_028 (MRA) shape=(128, 256, 256) mask=97.2% vess_max=0.041 (138.3s)
[OK] topaneu_center5_mr_029 (MRA) shape=(128, 256, 256) mask=63.6% vess_max=0.042 (57.5s)
[OK] topaneu_center5_mr_030 (MRA) shape=(128, 256, 256) mask=65.6% vess_max=0.036 (91.1s)
[OK] topaneu_center5_mr_031 (MRA) shape=(128, 256, 256) mask=65.6% vess_max=0.043 (91.6s)
[OK] topaneu_center5_mr_032 (MRA) shape=(128, 256, 256) mask=78.0% vess_max=0.027 (110.2s)
[OK] topaneu_center5_mr_033 (MRA) shape=(128, 256, 256) mask=78.9% vess_max=0.039 (110.5s)
[OK] topaneu_center5_mr_034 (MRA) shape=(128, 256, 256) mask=78.9% vess_max=0.030 (110.2s)
[OK] topaneu_center5_mr_036 (MRA) shape=(128, 256, 256) mask=65.1% vess_max=0.052 (57.4s)
[OK] topaneu_center5_mr_037 (MRA) shape=(128, 256, 256) mask=78.9% vess_max=0.033 (109.6s)
[OK] topaneu_center5_mr_038 (MRA) shape=(128, 256, 256) mask=62.6% vess_max=0.050 (54.9s)
[OK] topaneu_center5_mr_039 (MRA) shape=(128, 256, 256) mask=66.4% vess_max=0.034 (91.6s)
[OK] topaneu_center5_mr_041 (MRA) shape=(128, 256, 256) mask=95.7% vess_max=0.037 (81.8s)
[OK] topaneu_center5_mr_052 (MRA) shape=(128, 256, 256) mask=58.6% vess_max=0.020 (77.6s)
[OK] topaneu_center5_mr_061 (MRA) shape=(128, 256, 256) mask=55.2% vess_max=0.029 (49.5s)
[OK] topaneu_center5_mr_063 (MRA) shape=(128, 256, 256) mask=54.7% vess_max=0.027 (49.4s)
[OK] topaneu_center5_mr_068 (MRA) shape=(128, 256, 256) mask=53.6% vess_max=0.020 (47.2s)
[OK] topaneu_center5_mr_074 (MRA) shape=(128, 256, 256) mask=54.2% vess_max=0.031 (52.4s)
[OK] topaneu_center5_mr_079 (MRA) shape=(128, 256, 256) mask=54.0% vess_max=0.029 (47.3s)
[OK] topaneu_center5_mr_081 (MRA) shape=(128, 256, 256) mask=53.6% vess_max=0.020 (47.2s)
[OK] topaneu_center5_mr_082 (MRA) shape=(128, 256, 256) mask=58.6% vess_max=0.030 (77.6s)
[OK] topaneu_center5_mr_451 (MRA) shape=(128, 256, 256) mask=98.8% vess_max=0.050 (138.1s)
[OK] topaneu_center5_mr_452 (MRA) shape=(128, 256, 256) mask=92.5% vess_max=0.033 (127.7s)
[OK] topaneu_center5_mr_453 (MRA) shape=(128, 256, 256) mask=98.8% vess_max=0.059 (138.0s)
[OK] topaneu_center5_mr_454 (MRA) shape=(128, 256, 256) mask=91.2% vess_max=0.054 (78.3s)
[OK] topaneu_center5_mr_455 (MRA) shape=(128, 256, 256) mask=93.7% vess_max=0.033 (130.3s)
[OK] topaneu_center5_mr_457 (MRA) shape=(128, 256, 256) mask=82.0% vess_max=0.036 (115.0s)
[OK] topaneu_center5_mr_458 (MRA) shape=(128, 256, 256) mask=80.3% vess_max=0.049 (77.5s)
[OK] topaneu_center5_mr_459 (MRA) shape=(128, 256, 256) mask=83.6% vess_max=0.051 (117.6s)
[OK] topaneu_center5_mr_460 (MRA) shape=(128, 256, 256) mask=91.7% vess_max=0.061 (76.7s)
[OK] topaneu_center5_mr_461 (MRA) shape=(128, 256, 256) mask=93.5% vess_max=0.057 (78.9s)
[OK] topaneu_center5_mr_462 (MRA) shape=(128, 256, 256) mask=89.0% vess_max=0.059 (127.9s)
[OK] topaneu_center5_mr_464 (MRA) shape=(128, 256, 256) mask=95.9% vess_max=0.046 (128.7s)
[OK] topaneu_center5_mr_465 (MRA) shape=(128, 256, 256) mask=92.3% vess_max=0.046 (76.5s)
[OK] topaneu_center5_mr_466 (MRA) shape=(128, 256, 256) mask=93.7% vess_max=0.042 (129.7s)
[OK] topaneu_center5_mr_467 (MRA) shape=(128, 256, 256) mask=94.6% vess_max=0.070 (78.3s)
[OK] topaneu_center5_mr_469 (MRA) shape=(128, 256, 256) mask=81.3% vess_max=0.040 (113.7s)
[OK] topaneu_center5_mr_470 (MRA) shape=(128, 256, 256) mask=94.1% vess_max=0.042 (77.9s)
[OK] topaneu_center5_mr_471 (MRA) shape=(128, 256, 256) mask=93.4% vess_max=0.047 (76.2s)
[OK] topaneu_center5_mr_472 (MRA) shape=(128, 256, 256) mask=97.8% vess_max=0.061 (137.6s)
[OK] topaneu_center5_mr_473 (MRA) shape=(128, 256, 256) mask=92.3% vess_max=0.052 (127.0s)
[OK] topaneu_center5_mr_474 (MRA) shape=(128, 256, 256) mask=94.3% vess_max=0.054 (130.2s)
[OK] topaneu_center5_mr_475 (MRA) shape=(128, 256, 256) mask=82.0% vess_max=0.037 (114.4s)
[OK] topaneu_center5_mr_476 (MRA) shape=(128, 256, 256) mask=93.5% vess_max=0.053 (78.1s)
[OK] topaneu_center5_mr_478 (MRA) shape=(128, 256, 256) mask=99.1% vess_max=0.043 (137.5s)
[OK] topaneu_center5_mr_479 (MRA) shape=(128, 256, 256) mask=97.2% vess_max=0.046 (80.3s)
[OK] topaneu_center5_mr_480 (MRA) shape=(128, 256, 256) mask=90.4% vess_max=0.063 (75.5s)
[OK] topaneu_center5_mr_481 (MRA) shape=(128, 256, 256) mask=92.0% vess_max=0.058 (76.6s)
[OK] topaneu_center5_mr_484 (MRA) shape=(128, 256, 256) mask=97.1% vess_max=0.044 (137.7s)
[OK] topaneu_center5_mr_485 (MRA) shape=(128, 256, 256) mask=93.7% vess_max=0.062 (128.6s)
[OK] topaneu_center5_mr_486 (MRA) shape=(128, 256, 256) mask=92.7% vess_max=0.047 (78.2s)
[OK] topaneu_center5_mr_487 (MRA) shape=(128, 256, 256) mask=78.1% vess_max=0.058 (110.2s)
[OK] topaneu_center5_mr_488 (MRA) shape=(128, 256, 256) mask=96.6% vess_max=0.064 (85.1s)
[OK] topaneu_center5_mr_489 (MRA) shape=(128, 256, 256) mask=97.3% vess_max=0.044 (137.9s)
[OK] topaneu_center5_mr_490 (MRA) shape=(128, 256, 256) mask=92.7% vess_max=0.079 (77.5s)
[OK] topaneu_center5_mr_491 (MRA) shape=(128, 256, 256) mask=87.1% vess_max=0.080 (73.6s)
[OK] topaneu_center5_mr_492 (MRA) shape=(128, 256, 256) mask=89.5% vess_max=0.043 (126.2s)

--- Summary ---
  ok: 417
  skipped: 0
  already_done: 0
  failed: 0
============================================================
TopAneu vesselness precompute COMPLETE
End: Thu Sep  3 11:47:47 EDT 2026
============================================================
