==============================================
TopAneu RSNA Pipeline Environment
==============================================
TOPANEU_ROOT        = /home/abdul7/projects/def-punithak/abdul7/TopAneu
EXP_ROOT            = /home/abdul7/projects/def-punithak/abdul7/TopAneu/experiments/02_rsna_self_pipeline
CODE_ROOT           = /home/abdul7/projects/def-punithak/abdul7/TopAneu/experiments/02_rsna_self_pipeline/code
TOPANEU_DATA        = /home/abdul7/projects/def-punithak/abdul7/TopAneu/data

SCRATCH_ROOT        = /scratch/abdul7/TopAneu/experiments/02_rsna_self_pipeline
nnUNet_raw          = /scratch/abdul7/TopAneu/experiments/02_rsna_self_pipeline/nnUNet_raw
nnUNet_preprocessed = /scratch/abdul7/TopAneu/experiments/02_rsna_self_pipeline/nnUNet_preprocessed
nnUNet_results      = /scratch/abdul7/TopAneu/experiments/02_rsna_self_pipeline/nnUNet_results
LOG_ROOT            = /home/abdul7/projects/def-punithak/abdul7/TopAneu/experiments/02_rsna_self_pipeline/logs

Python:
/home/abdul7/projects/def-punithak/abdul7/TopAneu/venv/bin/python

nnUNet:
/home/abdul7/projects/def-punithak/abdul7/TopAneu/venv/bin/nnUNetv2_train

Scratch:
Filesystem                                   Size  Used Avail Use% Mounted on
10.82.48.7@o2ib1:10.82.48.8@o2ib1:/lustre07   19T  186G   19T   1% /scratch
==============================================
TopAneu dataset build | Job ID: 1712662 | Start: Tue Aug 25 18:45:23 EDT 2026
locations : 52
vessels   : 36
types     : 3
coarse groups: posterior=11 mca=6 other=19
cases     : 417
  topaneu_center1_mr_001: shape=(264, 426, 352) spacing=(0.45, 0.382, 0.382)  ves=[1, 2, 3, 4, 5, 6, 7, 9]  loc=[]  typ=[]
  topaneu_center1_mr_005: shape=(240, 461, 390) spacing=(0.45, 0.382, 0.382)  ves=[1, 2, 3, 4, 5, 6, 7, 9]  loc=[]  typ=[]
  topaneu_center1_mr_016: shape=(248, 437, 344) spacing=(0.45, 0.382, 0.382)  ves=[1, 2, 3, 4, 5, 6, 7, 8]  loc=[]  typ=[]
  topaneu_center1_mr_017: shape=(248, 477, 376) spacing=(0.45, 0.382, 0.382)  ves=[1, 2, 3, 4, 5, 6, 7, 10]  loc=[28]  typ=[1]
  topaneu_center1_mr_018: shape=(233, 465, 356) spacing=(0.45, 0.382, 0.382)  ves=[1, 2, 3, 4, 5, 6, 7, 8]  loc=[]  typ=[]

sample topaneu_center1_mr_001.json:
{
    "locations": []
}

wrote /home/abdul7/projects/def-punithak/abdul7/TopAneu/experiments/02_rsna_self_pipeline/code/topaneu_rsna/labels.json

!! could not map these locations onto a vessel class -- edit 'location_to_vessel' in labels.json before continuing:
   R-1.1 VA trunk
   L-1.1 VA trunk
   R-1.2 PICA trunk
   L-1.2 PICA trunk
   R-1.3 VA-PICA junction
   L-1.3 VA-PICA junction
   R-1.6 AICA trunk
   L-1.6 AICA trunk
   R-1.8 SCA trunk
   L-1.8 SCA trunk
   R-2.1 P1P2
   L-2.1 P1P2
   R-2.2 P3P4
   L-2.2 P3P4
   R-3.1 ICA infraclinoid C1-C5
   L-3.1 ICA infraclinoid C1-C5
   R-3.2 ICA C6-OA-junction
   L-3.2 ICA C6-OA-junction
   R-3.3 ICA C6-nonOA
   L-3.3 ICA C6-nonOA
   R-3.4 ICA C7-Pcom-junction
   L-3.4 ICA C7-Pcom-junction
   R-3.5 ICA C7-AChA-junction
   L-3.5 ICA C7-AChA-junction
   R-3.6 ICA C7-nonBranch
   L-3.6 ICA C7-nonBranch
   R-3.7 ICA C7-terminus
   L-3.7 ICA C7-terminus
   R-4.2 A1
   L-4.2 A1
   R-4.3 A2
   L-4.3 A2
   R-4.4 A3
   L-4.4 A3
   R-4.5 Distal ACA branches
   L-4.5 Distal ACA branches
   R-5.1 M1 trunk
   L-5.1 M1 trunk
   R-5.2 M1 early bifurcation
   L-5.2 M1 early bifurcation
   R-5.3 M1-M2 junction
   L-5.3 M1-M2 junction
   valid vessel names: BA, R-P1P2, L-P1P2, R-ICA-C6-C7, R-M1, L-ICA-C6-C7, L-M1, R-Pcom, L-Pcom, Acom, R-A1A2, L-A1A2, R-A3, L-A3, 3rd-A2, 3rd-A3, R-M2, R-M3, L-M2, L-M3, R-P3P4, L-P3P4, R-VA, L-VA, R-SCA, L-SCA, R-AICA, L-AICA, R-PICA, L-PICA, R-AChA, L-AChA, R-OA, L-OA, R-ICA-C1-C5, L-ICA-C1-C5
