Traceback (most recent call last):
  File "/home/abdul7/projects/def-punithak/abdul7/TopAneu/venv/bin/nnUNetv2_train", line 6, in <module>
    sys.exit(run_training_entry())
             ^^^^^^^^^^^^^^^^^^^^
  File "/home/abdul7/projects/def-punithak/abdul7/TopAneu/experiments/02_rsna_self_pipeline/code/rsna2025_1st_place/nnUNet/nnunetv2/run/run_training.py", line 361, in run_training_entry
    run_training(
  File "/home/abdul7/projects/def-punithak/abdul7/TopAneu/experiments/02_rsna_self_pipeline/code/rsna2025_1st_place/nnUNet/nnunetv2/run/run_training.py", line 256, in run_training
    nnunet_trainer.run_training()
  File "/home/abdul7/projects/def-punithak/abdul7/TopAneu/experiments/02_rsna_self_pipeline/code/rsna2025_1st_place/nnUNet/nnunetv2/training/nnUNetTrainer/nnUNetTrainer.py", line 1363, in run_training
    self.on_train_start()
  File "/home/abdul7/projects/def-punithak/abdul7/TopAneu/experiments/02_rsna_self_pipeline/code/rsna2025_1st_place/nnUNet/nnunetv2/training/nnUNetTrainer/nnUNetTrainer.py", line 900, in on_train_start
    self.dataloader_train, self.dataloader_val = self.get_dataloaders()
                                                 ^^^^^^^^^^^^^^^^^^^^^^
  File "/home/abdul7/projects/def-punithak/abdul7/TopAneu/experiments/02_rsna_self_pipeline/code/rsna2025_1st_place/nnUNet/nnunetv2/training/nnUNetTrainer/nnUNetTrainer.py", line 643, in get_dataloaders
    tr_transforms = self.get_training_transforms(
                    ^^^^^^^^^^^^^^^^^^^^^^^^^^^^^
  File "/home/abdul7/projects/def-punithak/abdul7/TopAneu/experiments/02_rsna_self_pipeline/code/rsna2025_1st_place/nnUNet/nnunetv2/training/nnUNetTrainer/project_specific/rsna2025/more_DAv7.py", line 45, in get_training_transforms
    base_transforms = super().get_training_transforms(
                      ^^^^^^^^^^^^^^^^^^^^^^^^^^^^^^^^
  File "/home/abdul7/projects/def-punithak/abdul7/TopAneu/experiments/02_rsna_self_pipeline/code/rsna2025_1st_place/nnUNet/nnunetv2/training/nnUNetTrainer/project_specific/rsna2025/more_DAv3.py", line 219, in get_training_transforms
    BrightnessAdditiveTransform(0, 0.5, per_channel=True, p_per_channel=0.5),
    ^^^^^^^^^^^^^^^^^^^^^^^^^^^^^^^^^^^^^^^^^^^^^^^^^^^^^^^^^^^^^^^^^^^^^^^^
TypeError: BrightnessAdditiveTransform.__init__() got an unexpected keyword argument 'per_channel'
