============================================================
TopAneu classifier training
Job ID:       2033006
Array ID:     2
Node:         ng10604
Start:        Sat Aug 29 06:17:56 EDT 2026
============================================================
==============================================
TopAneu RSNA Pipeline Environment
==============================================
TOPANEU_ROOT        = /home/abdul7/projects/def-punithak/abdul7/TopAneu
EXP_ROOT            = /home/abdul7/projects/def-punithak/abdul7/TopAneu/experiments/02_rsna_self_pipeline
CODE_ROOT           = /home/abdul7/projects/def-punithak/abdul7/TopAneu/experiments/02_rsna_self_pipeline/code
TOPANEU_DATA        = /home/abdul7/projects/def-punithak/abdul7/TopAneu/data

SCRATCH_ROOT        = /scratch/abdul7/TopAneu/experiments/02_rsna_self_pipeline
nnUNet_raw          = /scratch/abdul7/TopAneu/experiments/02_rsna_self_pipeline/nnUNet_raw
nnUNet_preprocessed = /scratch/abdul7/TopAneu/experiments/02_rsna_self_pipeline/nnUNet_preprocessed
nnUNet_results      = /scratch/abdul7/TopAneu/experiments/02_rsna_self_pipeline/nnUNet_results
LOG_ROOT            = /home/abdul7/projects/def-punithak/abdul7/TopAneu/experiments/02_rsna_self_pipeline/logs

Python:
/home/abdul7/projects/def-punithak/abdul7/TopAneu/venv/bin/python

nnUNet:
/home/abdul7/projects/def-punithak/abdul7/TopAneu/venv/bin/nnUNetv2_train

Scratch:
Filesystem                                   Size  Used Avail Use% Mounted on
10.82.48.7@o2ib1:10.82.48.8@o2ib1:/lustre07   19T  405G   19T   3% /scratch
==============================================
CODE_ROOT:    /home/abdul7/projects/def-punithak/abdul7/TopAneu/experiments/02_rsna_self_pipeline/code
CPUs:         8
Memory:       131072 MB
Fold:         2
============================================================
GPU information
============================================================
Sat Aug 29 06:17:57 2026       
+-----------------------------------------------------------------------------------------+
| NVIDIA-SMI 580.159.04             Driver Version: 580.159.04     CUDA Version: 13.0     |
+-----------------------------------------+------------------------+----------------------+
| GPU  Name                 Persistence-M | Bus-Id          Disp.A | Volatile Uncorr. ECC |
| Fan  Temp   Perf          Pwr:Usage/Cap |           Memory-Usage | GPU-Util  Compute M. |
|                                         |                        |               MIG M. |
|=========================================+========================+======================|
|   0  NVIDIA A100-SXM4-40GB          Off |   00000000:41:00.0 Off |                    0 |
| N/A   28C    P0             55W /  400W |       0MiB /  40960MiB |      0%      Default |
|                                         |                        |             Disabled |
+-----------------------------------------+------------------------+----------------------+

+-----------------------------------------------------------------------------------------+
| Processes:                                                                              |
|  GPU   GI   CI              PID   Type   Process name                        GPU Memory |
|        ID   ID                                                               Usage      |
|=========================================================================================|
|  No running processes found                                                             |
+-----------------------------------------------------------------------------------------+
============================================================
Starting classifier training
============================================================
fold 2: 334 train / 83 val | 52 locations, 36 vessels, 3 types
[backbone] loaded /scratch/abdul7/TopAneu/experiments/02_rsna_self_pipeline/nnUNet_results/Dataset302_TopAneuVessel/RSNA2025Trainer_moreDAv6_1_SkeletonRecallTverskyBeta07__nnUNetResEncUNetMPlans__3d_fullres/fold_all/checkpoint_final.pth
[backbone] missing=10 unexpected=0
[f2] ep 1/25 loc=0.2154 ap=0.6312 sph_bce=2.9280 sph_ft=0.7253 typ=0.6463 | AUC_loc=0.4576(33) AUC_ap=0.8197 score=0.6386 | 204s
[f2] ep 2/25 loc=0.1020 ap=0.5759 sph_bce=2.2138 sph_ft=0.7046 typ=0.5246 | AUC_loc=0.3824(33) AUC_ap=0.7824 score=0.5824 | 204s
[f2] ep 3/25 loc=0.0946 ap=0.5857 sph_bce=0.7888 sph_ft=0.6152 typ=0.4755 | AUC_loc=0.3648(33) AUC_ap=0.8007 score=0.5827 | 202s
[f2] ep 4/25 loc=0.0906 ap=0.5796 sph_bce=0.2949 sph_ft=0.6152 typ=0.4120 | AUC_loc=0.4538(33) AUC_ap=0.7846 score=0.6192 | 202s
[f2] ep 5/25 loc=0.0879 ap=0.5647 sph_bce=0.1976 sph_ft=0.6304 typ=0.3764 | AUC_loc=0.7143(33) AUC_ap=0.7623 score=0.7383 | 200s
[f2] ep 6/25 loc=0.0859 ap=0.5400 sph_bce=0.1605 sph_ft=0.6447 typ=0.3639 | AUC_loc=0.7946(33) AUC_ap=0.7623 score=0.7785 | 200s
[f2] ep 7/25 loc=0.0814 ap=0.5013 sph_bce=0.1149 sph_ft=0.6415 typ=0.3553 | AUC_loc=0.8480(33) AUC_ap=0.8063 score=0.8271 | 209s
[f2] ep 8/25 loc=0.0778 ap=0.4582 sph_bce=0.0839 sph_ft=0.6313 typ=0.3454 | AUC_loc=0.8682(33) AUC_ap=0.8718 score=0.8700 | 202s
[f2] ep 9/25 loc=0.0748 ap=0.4291 sph_bce=0.0915 sph_ft=0.6305 typ=0.3370 | AUC_loc=0.8782(33) AUC_ap=0.8636 score=0.8709 | 202s
[f2] ep 10/25 loc=0.0717 ap=0.4246 sph_bce=0.0663 sph_ft=0.6331 typ=0.3244 | AUC_loc=0.8787(33) AUC_ap=0.8644 score=0.8716 | 202s
[f2] ep 11/25 loc=0.0664 ap=0.3403 sph_bce=0.0601 sph_ft=0.6105 typ=0.3077 | AUC_loc=0.8806(33) AUC_ap=0.9113 score=0.8960 | 204s
[f2] ep 12/25 loc=0.0639 ap=0.2996 sph_bce=0.0478 sph_ft=0.6081 typ=0.2908 | AUC_loc=0.9017(33) AUC_ap=0.9449 score=0.9233 | 232s
[f2] ep 13/25 loc=0.0671 ap=0.3644 sph_bce=0.0553 sph_ft=0.6124 typ=0.2941 | AUC_loc=0.8993(33) AUC_ap=0.9449 score=0.9221 | 201s
[f2] ep 14/25 loc=0.0625 ap=0.2647 sph_bce=0.0660 sph_ft=0.6000 typ=0.2775 | AUC_loc=0.9039(33) AUC_ap=0.9456 score=0.9247 | 202s
[f2] ep 15/25 loc=0.0612 ap=0.2585 sph_bce=0.0635 sph_ft=0.5930 typ=0.2670 | AUC_loc=0.9053(33) AUC_ap=0.9538 score=0.9296 | 202s
[f2] ep 16/25 loc=0.0595 ap=0.2257 sph_bce=0.0464 sph_ft=0.5968 typ=0.2485 | AUC_loc=0.8983(33) AUC_ap=0.9531 score=0.9257 | 199s
[f2] ep 17/25 loc=0.0585 ap=0.1881 sph_bce=0.0579 sph_ft=0.5821 typ=0.2467 | AUC_loc=0.8857(33) AUC_ap=0.9549 score=0.9203 | 203s
[f2] ep 18/25 loc=0.0587 ap=0.1901 sph_bce=0.0483 sph_ft=0.5782 typ=0.2408 | AUC_loc=0.8832(33) AUC_ap=0.9627 score=0.9229 | 201s
[f2] ep 19/25 loc=0.0559 ap=0.2022 sph_bce=0.0476 sph_ft=0.5693 typ=0.2382 | AUC_loc=0.8814(33) AUC_ap=0.9709 score=0.9262 | 200s
[f2] ep 20/25 loc=0.0561 ap=0.1703 sph_bce=0.0522 sph_ft=0.5672 typ=0.2264 | AUC_loc=0.8800(33) AUC_ap=0.9724 score=0.9262 | 201s
[f2] ep 21/25 loc=0.0561 ap=0.1422 sph_bce=0.0546 sph_ft=0.5727 typ=0.2166 | AUC_loc=0.8919(33) AUC_ap=0.9784 score=0.9352 | 204s
[f2] ep 22/25 loc=0.0556 ap=0.1361 sph_bce=0.0465 sph_ft=0.5720 typ=0.2159 | AUC_loc=0.9004(33) AUC_ap=0.9747 score=0.9375 | 203s
[f2] ep 23/25 loc=0.0534 ap=0.1323 sph_bce=0.0359 sph_ft=0.5625 typ=0.2204 | AUC_loc=0.8982(33) AUC_ap=0.9762 score=0.9372 | 201s
[f2] ep 24/25 loc=0.0537 ap=0.1307 sph_bce=0.0443 sph_ft=0.5526 typ=0.2080 | AUC_loc=0.8885(33) AUC_ap=0.9739 score=0.9312 | 204s
[f2] ep 25/25 loc=0.0526 ap=0.1149 sph_bce=0.0471 sph_ft=0.5570 typ=0.2064 | AUC_loc=0.8892(33) AUC_ap=0.9724 score=0.9308 | 202s
best fold 2: 0.9375
============================================================
TopAneu classifier fold 2 COMPLETE
End: Sat Aug 29 07:47:29 EDT 2026
============================================================
