============================================================
TopAneu classifier training
Job ID:       2033005
Array ID:     1
Node:         ng30707
Start:        Sat Aug 29 06:17:56 EDT 2026
============================================================
==============================================
TopAneu RSNA Pipeline Environment
==============================================
TOPANEU_ROOT        = /home/abdul7/projects/def-punithak/abdul7/TopAneu
EXP_ROOT            = /home/abdul7/projects/def-punithak/abdul7/TopAneu/experiments/02_rsna_self_pipeline
CODE_ROOT           = /home/abdul7/projects/def-punithak/abdul7/TopAneu/experiments/02_rsna_self_pipeline/code
TOPANEU_DATA        = /home/abdul7/projects/def-punithak/abdul7/TopAneu/data

SCRATCH_ROOT        = /scratch/abdul7/TopAneu/experiments/02_rsna_self_pipeline
nnUNet_raw          = /scratch/abdul7/TopAneu/experiments/02_rsna_self_pipeline/nnUNet_raw
nnUNet_preprocessed = /scratch/abdul7/TopAneu/experiments/02_rsna_self_pipeline/nnUNet_preprocessed
nnUNet_results      = /scratch/abdul7/TopAneu/experiments/02_rsna_self_pipeline/nnUNet_results
LOG_ROOT            = /home/abdul7/projects/def-punithak/abdul7/TopAneu/experiments/02_rsna_self_pipeline/logs

Python:
/home/abdul7/projects/def-punithak/abdul7/TopAneu/venv/bin/python

nnUNet:
/home/abdul7/projects/def-punithak/abdul7/TopAneu/venv/bin/nnUNetv2_train

Scratch:
Filesystem                                   Size  Used Avail Use% Mounted on
10.82.48.7@o2ib1:10.82.48.8@o2ib1:/lustre07   19T  405G   19T   3% /scratch
==============================================
CODE_ROOT:    /home/abdul7/projects/def-punithak/abdul7/TopAneu/experiments/02_rsna_self_pipeline/code
CPUs:         8
Memory:       131072 MB
Fold:         1
============================================================
GPU information
============================================================
Sat Aug 29 06:17:57 2026       
+-----------------------------------------------------------------------------------------+
| NVIDIA-SMI 580.159.04             Driver Version: 580.159.04     CUDA Version: 13.0     |
+-----------------------------------------+------------------------+----------------------+
| GPU  Name                 Persistence-M | Bus-Id          Disp.A | Volatile Uncorr. ECC |
| Fan  Temp   Perf          Pwr:Usage/Cap |           Memory-Usage | GPU-Util  Compute M. |
|                                         |                        |               MIG M. |
|=========================================+========================+======================|
|   0  NVIDIA A100-SXM4-40GB          Off |   00000000:C1:00.0 Off |                    0 |
| N/A   30C    P0             57W /  400W |       0MiB /  40960MiB |      0%      Default |
|                                         |                        |             Disabled |
+-----------------------------------------+------------------------+----------------------+

+-----------------------------------------------------------------------------------------+
| Processes:                                                                              |
|  GPU   GI   CI              PID   Type   Process name                        GPU Memory |
|        ID   ID                                                               Usage      |
|=========================================================================================|
|  No running processes found                                                             |
+-----------------------------------------------------------------------------------------+
============================================================
Starting classifier training
============================================================
fold 1: 333 train / 84 val | 52 locations, 36 vessels, 3 types
[backbone] loaded /scratch/abdul7/TopAneu/experiments/02_rsna_self_pipeline/nnUNet_results/Dataset302_TopAneuVessel/RSNA2025Trainer_moreDAv6_1_SkeletonRecallTverskyBeta07__nnUNetResEncUNetMPlans__3d_fullres/fold_all/checkpoint_final.pth
[backbone] missing=10 unexpected=0
[f1] ep 1/25 loc=0.3691 ap=0.6591 sph_bce=2.9394 sph_ft=0.7304 typ=0.6613 | AUC_loc=0.5683(34) AUC_ap=0.6187 score=0.5935 | 203s
[f1] ep 2/25 loc=0.1129 ap=0.6158 sph_bce=2.0338 sph_ft=0.6977 typ=0.5067 | AUC_loc=0.6980(34) AUC_ap=0.5153 score=0.6067 | 201s
[f1] ep 3/25 loc=0.0997 ap=0.5888 sph_bce=0.6870 sph_ft=0.6088 typ=0.4632 | AUC_loc=0.7093(34) AUC_ap=0.7488 score=0.7290 | 202s
[f1] ep 4/25 loc=0.0907 ap=0.5738 sph_bce=0.3757 sph_ft=0.6224 typ=0.4024 | AUC_loc=0.7376(34) AUC_ap=0.6468 score=0.6922 | 201s
[f1] ep 5/25 loc=0.0876 ap=0.5654 sph_bce=0.2007 sph_ft=0.6370 typ=0.3810 | AUC_loc=0.7874(34) AUC_ap=0.8435 score=0.8155 | 201s
[f1] ep 6/25 loc=0.0829 ap=0.5309 sph_bce=0.1298 sph_ft=0.6291 typ=0.3720 | AUC_loc=0.8421(34) AUC_ap=0.9102 score=0.8762 | 202s
[f1] ep 7/25 loc=0.0778 ap=0.4748 sph_bce=0.1438 sph_ft=0.6201 typ=0.3645 | AUC_loc=0.8807(34) AUC_ap=0.9398 score=0.9102 | 201s
[f1] ep 8/25 loc=0.0782 ap=0.5157 sph_bce=0.1325 sph_ft=0.6378 typ=0.3611 | AUC_loc=0.9045(34) AUC_ap=0.9237 score=0.9141 | 202s
[f1] ep 9/25 loc=0.0730 ap=0.3995 sph_bce=0.1115 sph_ft=0.6288 typ=0.3492 | AUC_loc=0.9089(34) AUC_ap=0.9287 score=0.9188 | 202s
[f1] ep 10/25 loc=0.0696 ap=0.3713 sph_bce=0.0952 sph_ft=0.6196 typ=0.3382 | AUC_loc=0.9000(34) AUC_ap=0.9490 score=0.9245 | 202s
[f1] ep 11/25 loc=0.0704 ap=0.3666 sph_bce=0.1019 sph_ft=0.6259 typ=0.3318 | AUC_loc=0.8962(34) AUC_ap=0.9533 score=0.9248 | 202s
[f1] ep 12/25 loc=0.0663 ap=0.3305 sph_bce=0.0696 sph_ft=0.6131 typ=0.3292 | AUC_loc=0.9000(34) AUC_ap=0.9579 score=0.9290 | 203s
[f1] ep 13/25 loc=0.0652 ap=0.2641 sph_bce=0.0802 sph_ft=0.6042 typ=0.3046 | AUC_loc=0.9017(34) AUC_ap=0.9743 score=0.9380 | 202s
[f1] ep 14/25 loc=0.0630 ap=0.2888 sph_bce=0.0727 sph_ft=0.6086 typ=0.3043 | AUC_loc=0.8951(34) AUC_ap=0.9765 score=0.9358 | 202s
[f1] ep 15/25 loc=0.0632 ap=0.2991 sph_bce=0.0526 sph_ft=0.6001 typ=0.3008 | AUC_loc=0.8920(34) AUC_ap=0.9779 score=0.9350 | 201s
[f1] ep 16/25 loc=0.0615 ap=0.2717 sph_bce=0.0485 sph_ft=0.5854 typ=0.2943 | AUC_loc=0.8864(34) AUC_ap=0.9808 score=0.9336 | 201s
[f1] ep 17/25 loc=0.0615 ap=0.2493 sph_bce=0.0479 sph_ft=0.5823 typ=0.2868 | AUC_loc=0.8904(34) AUC_ap=0.9847 score=0.9375 | 201s
[f1] ep 18/25 loc=0.0611 ap=0.2555 sph_bce=0.0626 sph_ft=0.5800 typ=0.2826 | AUC_loc=0.8950(34) AUC_ap=0.9872 score=0.9411 | 200s
[f1] ep 19/25 loc=0.0590 ap=0.1999 sph_bce=0.0473 sph_ft=0.5718 typ=0.2668 | AUC_loc=0.8936(34) AUC_ap=0.9886 score=0.9411 | 201s
[f1] ep 20/25 loc=0.0581 ap=0.1756 sph_bce=0.0407 sph_ft=0.5734 typ=0.2573 | AUC_loc=0.8898(34) AUC_ap=0.9865 score=0.9382 | 201s
[f1] ep 21/25 loc=0.0571 ap=0.1715 sph_bce=0.0507 sph_ft=0.5672 typ=0.2537 | AUC_loc=0.8884(34) AUC_ap=0.9886 score=0.9385 | 201s
[f1] ep 22/25 loc=0.0570 ap=0.1450 sph_bce=0.0392 sph_ft=0.5663 typ=0.2535 | AUC_loc=0.8849(34) AUC_ap=0.9886 score=0.9367 | 201s
[f1] ep 23/25 loc=0.0575 ap=0.1539 sph_bce=0.0396 sph_ft=0.5587 typ=0.2562 | AUC_loc=0.8811(34) AUC_ap=0.9893 score=0.9352 | 201s
[f1] ep 24/25 loc=0.0576 ap=0.1528 sph_bce=0.0496 sph_ft=0.5645 typ=0.2494 | AUC_loc=0.8832(34) AUC_ap=0.9900 score=0.9366 | 201s
[f1] ep 25/25 loc=0.0566 ap=0.1388 sph_bce=0.0404 sph_ft=0.5597 typ=0.2455 | AUC_loc=0.8829(34) AUC_ap=0.9900 score=0.9365 | 202s
best fold 1: 0.9411
============================================================
TopAneu classifier fold 1 COMPLETE
End: Sat Aug 29 07:46:52 EDT 2026
============================================================
