/home/abdul7/projects/def-punithak/abdul7/TopAneu/venv/lib/python3.11/site-packages/fft_conv_pytorch/fft_conv.py:139: UserWarning: Using a non-tuple sequence for multidimensional indexing is deprecated and will be changed in pytorch 2.9; use x[tuple(seq)] instead of x[seq]. In pytorch 2.9 this will be interpreted as tensor index, x[torch.tensor(seq)], which will result either in an error or a different result (Triggered internally at /tmp/build_wheels_tmp.3807/python-3.11/torch/torch/csrc/autograd/python_variable_indexing.cpp:349.)
  output = output[crop_slices].contiguous()
/home/abdul7/projects/def-punithak/abdul7/TopAneu/venv/lib/python3.11/site-packages/fft_conv_pytorch/fft_conv.py:139: UserWarning: Using a non-tuple sequence for multidimensional indexing is deprecated and will be changed in pytorch 2.9; use x[tuple(seq)] instead of x[seq]. In pytorch 2.9 this will be interpreted as tensor index, x[torch.tensor(seq)], which will result either in an error or a different result (Triggered internally at /tmp/build_wheels_tmp.3807/python-3.11/torch/torch/csrc/autograd/python_variable_indexing.cpp:349.)
  output = output[crop_slices].contiguous()
/home/abdul7/projects/def-punithak/abdul7/TopAneu/venv/lib/python3.11/site-packages/fft_conv_pytorch/fft_conv.py:139: UserWarning: Using a non-tuple sequence for multidimensional indexing is deprecated and will be changed in pytorch 2.9; use x[tuple(seq)] instead of x[seq]. In pytorch 2.9 this will be interpreted as tensor index, x[torch.tensor(seq)], which will result either in an error or a different result (Triggered internally at /tmp/build_wheels_tmp.3807/python-3.11/torch/torch/csrc/autograd/python_variable_indexing.cpp:349.)
  output = output[crop_slices].contiguous()
/home/abdul7/projects/def-punithak/abdul7/TopAneu/venv/lib/python3.11/site-packages/fft_conv_pytorch/fft_conv.py:139: UserWarning: Using a non-tuple sequence for multidimensional indexing is deprecated and will be changed in pytorch 2.9; use x[tuple(seq)] instead of x[seq]. In pytorch 2.9 this will be interpreted as tensor index, x[torch.tensor(seq)], which will result either in an error or a different result (Triggered internally at /tmp/build_wheels_tmp.3807/python-3.11/torch/torch/csrc/autograd/python_variable_indexing.cpp:349.)
  output = output[crop_slices].contiguous()
/home/abdul7/projects/def-punithak/abdul7/TopAneu/venv/lib/python3.11/site-packages/fft_conv_pytorch/fft_conv.py:139: UserWarning: Using a non-tuple sequence for multidimensional indexing is deprecated and will be changed in pytorch 2.9; use x[tuple(seq)] instead of x[seq]. In pytorch 2.9 this will be interpreted as tensor index, x[torch.tensor(seq)], which will result either in an error or a different result (Triggered internally at /tmp/build_wheels_tmp.3807/python-3.11/torch/torch/csrc/autograd/python_variable_indexing.cpp:349.)
  output = output[crop_slices].contiguous()
/home/abdul7/projects/def-punithak/abdul7/TopAneu/venv/lib/python3.11/site-packages/fft_conv_pytorch/fft_conv.py:139: UserWarning: Using a non-tuple sequence for multidimensional indexing is deprecated and will be changed in pytorch 2.9; use x[tuple(seq)] instead of x[seq]. In pytorch 2.9 this will be interpreted as tensor index, x[torch.tensor(seq)], which will result either in an error or a different result (Triggered internally at /tmp/build_wheels_tmp.3807/python-3.11/torch/torch/csrc/autograd/python_variable_indexing.cpp:349.)
  output = output[crop_slices].contiguous()
/home/abdul7/projects/def-punithak/abdul7/TopAneu/venv/lib/python3.11/site-packages/fft_conv_pytorch/fft_conv.py:139: UserWarning: Using a non-tuple sequence for multidimensional indexing is deprecated and will be changed in pytorch 2.9; use x[tuple(seq)] instead of x[seq]. In pytorch 2.9 this will be interpreted as tensor index, x[torch.tensor(seq)], which will result either in an error or a different result (Triggered internally at /tmp/build_wheels_tmp.3807/python-3.11/torch/torch/csrc/autograd/python_variable_indexing.cpp:349.)
  output = output[crop_slices].contiguous()
/home/abdul7/projects/def-punithak/abdul7/TopAneu/venv/lib/python3.11/site-packages/fft_conv_pytorch/fft_conv.py:139: UserWarning: Using a non-tuple sequence for multidimensional indexing is deprecated and will be changed in pytorch 2.9; use x[tuple(seq)] instead of x[seq]. In pytorch 2.9 this will be interpreted as tensor index, x[torch.tensor(seq)], which will result either in an error or a different result (Triggered internally at /tmp/build_wheels_tmp.3807/python-3.11/torch/torch/csrc/autograd/python_variable_indexing.cpp:349.)
  output = output[crop_slices].contiguous()
/home/abdul7/projects/def-punithak/abdul7/TopAneu/venv/lib/python3.11/site-packages/fft_conv_pytorch/fft_conv.py:139: UserWarning: Using a non-tuple sequence for multidimensional indexing is deprecated and will be changed in pytorch 2.9; use x[tuple(seq)] instead of x[seq]. In pytorch 2.9 this will be interpreted as tensor index, x[torch.tensor(seq)], which will result either in an error or a different result (Triggered internally at /tmp/build_wheels_tmp.3807/python-3.11/torch/torch/csrc/autograd/python_variable_indexing.cpp:349.)
  output = output[crop_slices].contiguous()
/home/abdul7/projects/def-punithak/abdul7/TopAneu/venv/lib/python3.11/site-packages/fft_conv_pytorch/fft_conv.py:139: UserWarning: Using a non-tuple sequence for multidimensional indexing is deprecated and will be changed in pytorch 2.9; use x[tuple(seq)] instead of x[seq]. In pytorch 2.9 this will be interpreted as tensor index, x[torch.tensor(seq)], which will result either in an error or a different result (Triggered internally at /tmp/build_wheels_tmp.3807/python-3.11/torch/torch/csrc/autograd/python_variable_indexing.cpp:349.)
  output = output[crop_slices].contiguous()
/home/abdul7/projects/def-punithak/abdul7/TopAneu/venv/lib/python3.11/site-packages/fft_conv_pytorch/fft_conv.py:139: UserWarning: Using a non-tuple sequence for multidimensional indexing is deprecated and will be changed in pytorch 2.9; use x[tuple(seq)] instead of x[seq]. In pytorch 2.9 this will be interpreted as tensor index, x[torch.tensor(seq)], which will result either in an error or a different result (Triggered internally at /tmp/build_wheels_tmp.3807/python-3.11/torch/torch/csrc/autograd/python_variable_indexing.cpp:349.)
  output = output[crop_slices].contiguous()
/home/abdul7/projects/def-punithak/abdul7/TopAneu/venv/lib/python3.11/site-packages/fft_conv_pytorch/fft_conv.py:139: UserWarning: Using a non-tuple sequence for multidimensional indexing is deprecated and will be changed in pytorch 2.9; use x[tuple(seq)] instead of x[seq]. In pytorch 2.9 this will be interpreted as tensor index, x[torch.tensor(seq)], which will result either in an error or a different result (Triggered internally at /tmp/build_wheels_tmp.3807/python-3.11/torch/torch/csrc/autograd/python_variable_indexing.cpp:349.)
  output = output[crop_slices].contiguous()
/home/abdul7/projects/def-punithak/abdul7/TopAneu/experiments/02_rsna_self_pipeline/code/rsna2025_1st_place/nnUNet/nnunetv2/training/nnUNetTrainer/nnUNetTrainer.py:1114: RuntimeWarning: invalid value encountered in scalar divide
  global_dc_per_class = [i for i in [2 * i / (2 * i + j + k) for i, j, k in zip(tp, fp, fn)]]
Traceback (most recent call last):
  File "/home/abdul7/projects/def-punithak/abdul7/TopAneu/venv/bin/nnUNetv2_train", line 6, in <module>
    sys.exit(run_training_entry())
             ^^^^^^^^^^^^^^^^^^^^
  File "/home/abdul7/projects/def-punithak/abdul7/TopAneu/experiments/02_rsna_self_pipeline/code/rsna2025_1st_place/nnUNet/nnunetv2/run/run_training.py", line 361, in run_training_entry
    run_training(
  File "/home/abdul7/projects/def-punithak/abdul7/TopAneu/experiments/02_rsna_self_pipeline/code/rsna2025_1st_place/nnUNet/nnunetv2/run/run_training.py", line 260, in run_training
    nnunet_trainer.perform_actual_validation(export_validation_probabilities)
  File "/home/abdul7/projects/def-punithak/abdul7/TopAneu/experiments/02_rsna_self_pipeline/code/rsna2025_1st_place/nnUNet/nnunetv2/training/nnUNetTrainer/nnUNetTrainer.py", line 1263, in perform_actual_validation
    proceed = not check_workers_alive_and_busy(segmentation_export_pool, worker_list, results,
                  ^^^^^^^^^^^^^^^^^^^^^^^^^^^^^^^^^^^^^^^^^^^^^^^^^^^^^^^^^^^^^^^^^^^^^^^^^^^^
  File "/home/abdul7/projects/def-punithak/abdul7/TopAneu/experiments/02_rsna_self_pipeline/code/rsna2025_1st_place/nnUNet/nnunetv2/utilities/file_path_utilities.py", line 103, in check_workers_alive_and_busy
    raise RuntimeError('Some background workers are no longer alive')
RuntimeError: Some background workers are no longer alive
slurmstepd: error: Detected 1 oom_kill event in StepId=2108010.batch. Some of the step tasks have been OOM Killed.
