==============================================
TopAneu RSNA Pipeline Environment
==============================================
TOPANEU_ROOT        = /home/abdul7/projects/def-punithak/abdul7/TopAneu
EXP_ROOT            = /home/abdul7/projects/def-punithak/abdul7/TopAneu/experiments/02_rsna_self_pipeline
CODE_ROOT           = /home/abdul7/projects/def-punithak/abdul7/TopAneu/experiments/02_rsna_self_pipeline/code
TOPANEU_DATA        = /home/abdul7/projects/def-punithak/abdul7/TopAneu/data

SCRATCH_ROOT        = /scratch/abdul7/TopAneu/experiments/02_rsna_self_pipeline
nnUNet_raw          = /scratch/abdul7/TopAneu/experiments/02_rsna_self_pipeline/nnUNet_raw
nnUNet_preprocessed = /scratch/abdul7/TopAneu/experiments/02_rsna_self_pipeline/nnUNet_preprocessed
nnUNet_results      = /scratch/abdul7/TopAneu/experiments/02_rsna_self_pipeline/nnUNet_results
LOG_ROOT            = /home/abdul7/projects/def-punithak/abdul7/TopAneu/experiments/02_rsna_self_pipeline/logs

Python:
/home/abdul7/projects/def-punithak/abdul7/TopAneu/venv/bin/python

nnUNet:
/home/abdul7/projects/def-punithak/abdul7/TopAneu/venv/bin/nnUNetv2_train

Scratch:
Filesystem                                   Size  Used Avail Use% Mounted on
10.82.48.7@o2ib1:10.82.48.8@o2ib1:/lustre07   19T  186G   19T   1% /scratch
==============================================
TopAneu dataset build | Job ID: 1714030 | Start: Tue Aug 25 19:00:49 EDT 2026
locations : 52
vessels   : 36
types     : 3
coarse groups: posterior=11 mca=6 other=19
cases     : 417
  topaneu_center1_mr_001: shape=(264, 426, 352) spacing=(0.45, 0.382, 0.382)  ves=[1, 2, 3, 4, 5, 6, 7, 9]  loc=[]  typ=[]
  topaneu_center1_mr_005: shape=(240, 461, 390) spacing=(0.45, 0.382, 0.382)  ves=[1, 2, 3, 4, 5, 6, 7, 9]  loc=[]  typ=[]
  topaneu_center1_mr_016: shape=(248, 437, 344) spacing=(0.45, 0.382, 0.382)  ves=[1, 2, 3, 4, 5, 6, 7, 8]  loc=[]  typ=[]
  topaneu_center1_mr_017: shape=(248, 477, 376) spacing=(0.45, 0.382, 0.382)  ves=[1, 2, 3, 4, 5, 6, 7, 10]  loc=[28]  typ=[1]
  topaneu_center1_mr_018: shape=(233, 465, 356) spacing=(0.45, 0.382, 0.382)  ves=[1, 2, 3, 4, 5, 6, 7, 8]  loc=[]  typ=[]

sample topaneu_center1_mr_001.json:
{
    "locations": []
}

wrote /home/abdul7/projects/def-punithak/abdul7/TopAneu/experiments/02_rsna_self_pipeline/code/topaneu_rsna/labels.json
/scratch/abdul7/TopAneu/experiments/02_rsna_self_pipeline/nnUNet_raw/Dataset301_TopAneuVesselGroup  (417 cases, 3 classes)
/scratch/abdul7/TopAneu/experiments/02_rsna_self_pipeline/nnUNet_raw/Dataset302_TopAneuVessel  (417 cases, 36 classes)
